---
source: gedcomfy/tests/tests.rs
description: "0 HEAD\r\n1 GEDC\r\n2 VERS 5.5.1\r\n1 CHAR ANSEL\r\n0 SOME tï¿½"
expression: external_encoding
input_file: gedcomfy/tests/encoding_inputs/ansel_specified_malformed_atend.ged
---
Ok(
    None,
)
