---
source: gedcomfy/tests/tests.rs
description: "0 HEAD\r\n1 FOO X\r\n0 TRLR\r\n"
expression: external_encoding
input_file: gedcomfy/tests/encoding_inputs/unknown.ged
---
Ok(
    None,
)
