---
source: gedcomfy/tests/tests.rs
description: "0 HEAD\r\n1 GEDC\r\n2 VERS 5.5.1\r\n1 CHAR ASCII\r\n0 TEXT HÃ–Ã–T\r\n0 TRLR\r\n"
expression: "shared::render(&err)"
---
gedcomfy::error

  Ã— A problem was found in the GEDCOM file
  â”œâ”€â–¶   Ã— GEDCOM file contained data which was invalid in the detected
  â”‚     â”‚ encoding
  â”‚   
  â”œâ”€â–¶ gedcom::encoding::invalid_data
  â”‚   
  â”‚     Ã— Invalid data for encoding ASCII
  â”‚      â•­â”€[5:9]
  â”‚    4 â”‚ 1 CHAR ASCII
  â”‚    5 â”‚ 0 TEXT HÃ–Ã–T
  â”‚      Â·         â”¬
  â”‚      Â·         â•°â”€â”€ this is not valid data for the encoding ASCII
  â”‚    6 â”‚ 0 TRLR
  â”‚      â•°â”€â”€â”€â”€
  â”‚   
  â”‚   Advice: gedcom::encoding_reason::header
  â”‚   
  â”‚     â˜ž this encoding was used because it was specified in the GEDCOM header
  â”‚      â•­â”€[4:8]
  â”‚    3 â”‚ 2 VERS 5.5.1
  â”‚    4 â”‚ 1 CHAR ASCII
  â”‚      Â·        â”€â”€â”¬â”€â”€
  â”‚      Â·          â•°â”€â”€ encoding was set here
  â”‚    5 â”‚ 0 TEXT HÃ–Ã–T
  â”‚      â•°â”€â”€â”€â”€
  â”‚   
  â”‚   Advice: gedcom::possible_encodings
  â”‚   
  â”‚     â˜ž the invalid data appears to be valid in other encodings:
  â”‚     â”‚ â†’ [1mHÃƒâ€“Ãƒâ€“T[0m (using Windows-1252)
  â”‚     â”‚ â†’ [1mHÃ–Ã–T[0m (using UTF-8)
  â”‚     help: encoding can be chosen explicitly using the `--force-encoding`
  â”‚           option
  â”‚   
  â•°â”€â–¶ the byte at index 52 is not ASCII
