---
source: gedcomfy/tests/tests.rs
description: "0 HEAD\r\n1 GEDC\r\n2 VERS 5.5.1\r\n1 CHAR ASCII\r\n0 TEXT HÖÖT\r\n0 TRLR\r\n"
expression: external_encoding
input_file: gedcomfy/tests/encoding_inputs/ascii_specified_malformed.ged
---
Ok(
    None,
)
