---
source: gedcomfy/tests/tests.rs
description: "0 HEAD\r\n1 GEDC\r\n2 FOO BAR\r\n0 TRLR\r\n"
expression: "format!(\"{:?}\", parser.attach_source(err))"
input_file: gedcomfy/tests/format_inputs/no_vers.ged
---
  × Unable to determine version of GEDCOM file
  ╰─▶ GEDCOM file appeared to be syntactically valid, but no version could be found
