---
source: gedcom/tests/tests.rs
description: "0 HEAD\r\n1 CHAR ANSEL\r\n0 SOME tï¿½"
expression: encoding_report
input_file: gedcom/tests/encoding_inputs/ansel_specified_malformed_atend.ged
---
No external encoding detected (ASCII-compatible)
