---
source: gedcomfy/tests/tests.rs
description: "0 HEAD\r\n1 GEDC\r\n2 VERS 7.0\r\n0 TEXT hï¿½3ï¿½rÃ©\r\n0 TRLR"
expression: "shared::render(&err)"
input_file: gedcomfy/tests/encoding_inputs/utf8_assumedversion_malformed.ged
---
gedcomfy::error

  Ã— A problem was found in the GEDCOM file
  â”œâ”€â–¶   Ã— GEDCOM file contained data which was invalid in the detected
  â”‚     â”‚ encoding
  â”‚   
  â”œâ”€â–¶ gedcom::encoding::invalid_data
  â”‚   
  â”‚     Ã— Invalid data for encoding UTF-8
  â”‚      â•­â”€[4:9]
  â”‚    3 â”‚ 2 VERS 7.0
  â”‚    4 â”‚ 0 TEXT hï¿½3ï¿½rÃ©
  â”‚      Â·         â”¬
  â”‚      Â·         â•°â”€â”€ this is not valid data for the encoding UTF-8
  â”‚    5 â”‚ 0 TRLR
  â”‚      â•°â”€â”€â”€â”€
  â”‚   
  â”‚   Advice:
  â”‚     â˜ž this encoding is [1mrequired[0m by GEDCOM version 7.0
  â”‚      â•­â”€[3:8]
  â”‚    2 â”‚ 1 GEDC
  â”‚    3 â”‚ 2 VERS 7.0
  â”‚      Â·        â”€â”¬â”€
  â”‚      Â·         â•°â”€â”€ version was set here
  â”‚    4 â”‚ 0 TEXT hï¿½3ï¿½rÃ©
  â”‚      â•°â”€â”€â”€â”€
  â”‚   
  â•°â”€â–¶ invalid utf-8 sequence of 1 bytes from index 36
