---
source: gedcomfy/tests/tests.rs
description: "Hello, world!\r\n"
expression: external_encoding
input_file: gedcomfy/tests/encoding_inputs/not_ged.ged
---
Err(
    NotGedcomFile,
)
