---
source: gedcom/tests/tests.rs
expression: tree
input_file: gedcom/tests/syntax_inputs/basic_nested.ged
---
[
    Sourced {
        value: RawRecord {
            tag: Sourced {
                value: [
                    95,
                    82,
                    79,
                    79,
                    84,
                ],
                span: SourceSpan {
                    offset: SourceOffset(
                        2,
                    ),
                    length: 5,
                },
            },
            xref: None,
            data: None,
            records: [
                Sourced {
                    value: RawRecord {
                        tag: Sourced {
                            value: [
                                95,
                                67,
                                72,
                                73,
                                76,
                                68,
                            ],
                            span: SourceSpan {
                                offset: SourceOffset(
                                    11,
                                ),
                                length: 6,
                            },
                        },
                        xref: None,
                        data: None,
                        records: [],
                    },
                    span: SourceSpan {
                        offset: SourceOffset(
                            9,
                        ),
                        length: 8,
                    },
                },
            ],
        },
        span: SourceSpan {
            offset: SourceOffset(
                0,
            ),
            length: 17,
        },
    },
]
