---
source: gedcom/tests/tests.rs
description: "0 HEAD\r\n1 GEDC\r\n2 CHAR ASCII\r\n0 TRLR\r\n"
expression: encoding_report
input_file: gedcom/tests/encoding_inputs/ascii_specified.ged
---
Encoding detected: ASCII
Reason: encoding was specified in GEDCOM header
