---
source: gedcom/tests/tests.rs
description: "0 HEAD\r\n0 TRLR\r\n"
expression: encoding_report
input_file: gedcom/tests/encoding_inputs/unknown.ged
---
No external encoding detected (ASCII-compatible)
